ARM GAS  C:\Users\GONZAL~1\AppData\Local\Temp\ccW9qedo.s 			page 1


   1              		.syntax unified
   2              		.cpu cortex-m3
   3              		.fpu softvfp
   4              		.eabi_attribute 20, 1
   5              		.eabi_attribute 21, 1
   6              		.eabi_attribute 23, 3
   7              		.eabi_attribute 24, 1
   8              		.eabi_attribute 25, 1
   9              		.eabi_attribute 26, 1
  10              		.eabi_attribute 30, 1
  11              		.eabi_attribute 34, 1
  12              		.eabi_attribute 18, 4
  13              		.thumb
  14              		.syntax unified
  15              		.file	"isr_HA.c"
  16              		.text
  17              	.Ltext0:
  18              		.cfi_sections	.debug_frame
  19              		.section	.text.isr_HA_Interrupt,"ax",%progbits
  20              		.align	2
  21              		.global	isr_HA_Interrupt
  22              		.thumb
  23              		.thumb_func
  24              		.type	isr_HA_Interrupt, %function
  25              	isr_HA_Interrupt:
  26              	.LFB3:
  27              		.file 1 "isr_HA.c"
   1:isr_HA.c      **** /*******************************************************************************
   2:isr_HA.c      **** * File Name: isr_HA.c  
   3:isr_HA.c      **** * Version 1.70
   4:isr_HA.c      **** *
   5:isr_HA.c      **** *  Description:
   6:isr_HA.c      **** *   API for controlling the state of an interrupt.
   7:isr_HA.c      **** *
   8:isr_HA.c      **** *
   9:isr_HA.c      **** *  Note:
  10:isr_HA.c      **** *
  11:isr_HA.c      **** ********************************************************************************
  12:isr_HA.c      **** * Copyright 2008-2015, Cypress Semiconductor Corporation.  All rights reserved.
  13:isr_HA.c      **** * You may use this file only in accordance with the license, terms, conditions, 
  14:isr_HA.c      **** * disclaimers, and limitations in the end user license agreement accompanying 
  15:isr_HA.c      **** * the software package with which this file was provided.
  16:isr_HA.c      **** *******************************************************************************/
  17:isr_HA.c      **** 
  18:isr_HA.c      **** 
  19:isr_HA.c      **** #include <cydevice_trm.h>
  20:isr_HA.c      **** #include <CyLib.h>
  21:isr_HA.c      **** #include <isr_HA.h>
  22:isr_HA.c      **** #include "cyapicallbacks.h"
  23:isr_HA.c      **** 
  24:isr_HA.c      **** #if !defined(isr_HA__REMOVED) /* Check for removal by optimization */
  25:isr_HA.c      **** 
  26:isr_HA.c      **** /*******************************************************************************
  27:isr_HA.c      **** *  Place your includes, defines and code here 
  28:isr_HA.c      **** ********************************************************************************/
  29:isr_HA.c      **** /* `#START isr_HA_intc` */
  30:isr_HA.c      **** #include <Timer_ha.h>
ARM GAS  C:\Users\GONZAL~1\AppData\Local\Temp\ccW9qedo.s 			page 2


  31:isr_HA.c      **** #include <DirCounter.h>
  32:isr_HA.c      ****     
  33:isr_HA.c      **** volatile int32_t t_ha;
  34:isr_HA.c      **** volatile int32_t ca;
  35:isr_HA.c      **** volatile int32_t ma;
  36:isr_HA.c      **** volatile int8 rotor_direction;
  37:isr_HA.c      ****     
  38:isr_HA.c      **** int16 last_count, aux;
  39:isr_HA.c      ****     
  40:isr_HA.c      **** /* `#END` */
  41:isr_HA.c      **** 
  42:isr_HA.c      **** #ifndef CYINT_IRQ_BASE
  43:isr_HA.c      **** #define CYINT_IRQ_BASE      16
  44:isr_HA.c      **** #endif /* CYINT_IRQ_BASE */
  45:isr_HA.c      **** #ifndef CYINT_VECT_TABLE
  46:isr_HA.c      **** #define CYINT_VECT_TABLE    ((cyisraddress **) CYREG_NVIC_VECT_OFFSET)
  47:isr_HA.c      **** #endif /* CYINT_VECT_TABLE */
  48:isr_HA.c      **** 
  49:isr_HA.c      **** /* Declared in startup, used to set unused interrupts to. */
  50:isr_HA.c      **** CY_ISR_PROTO(IntDefaultHandler);
  51:isr_HA.c      **** 
  52:isr_HA.c      **** 
  53:isr_HA.c      **** /*******************************************************************************
  54:isr_HA.c      **** * Function Name: isr_HA_Start
  55:isr_HA.c      **** ********************************************************************************
  56:isr_HA.c      **** *
  57:isr_HA.c      **** * Summary:
  58:isr_HA.c      **** *  Set up the interrupt and enable it. This function disables the interrupt, 
  59:isr_HA.c      **** *  sets the default interrupt vector, sets the priority from the value in the
  60:isr_HA.c      **** *  Design Wide Resources Interrupt Editor, then enables the interrupt to the 
  61:isr_HA.c      **** *  interrupt controller.
  62:isr_HA.c      **** *
  63:isr_HA.c      **** * Parameters:  
  64:isr_HA.c      **** *   None
  65:isr_HA.c      **** *
  66:isr_HA.c      **** * Return:
  67:isr_HA.c      **** *   None
  68:isr_HA.c      **** *
  69:isr_HA.c      **** *******************************************************************************/
  70:isr_HA.c      **** void isr_HA_Start(void)
  71:isr_HA.c      **** {
  72:isr_HA.c      ****     /* For all we know the interrupt is active. */
  73:isr_HA.c      ****     isr_HA_Disable();
  74:isr_HA.c      **** 
  75:isr_HA.c      ****     /* Set the ISR to point to the isr_HA Interrupt. */
  76:isr_HA.c      ****     isr_HA_SetVector(&isr_HA_Interrupt);
  77:isr_HA.c      **** 
  78:isr_HA.c      ****     /* Set the priority. */
  79:isr_HA.c      ****     isr_HA_SetPriority((uint8)isr_HA_INTC_PRIOR_NUMBER);
  80:isr_HA.c      **** 
  81:isr_HA.c      ****     /* Enable it. */
  82:isr_HA.c      ****     isr_HA_Enable();
  83:isr_HA.c      **** }
  84:isr_HA.c      **** 
  85:isr_HA.c      **** 
  86:isr_HA.c      **** /*******************************************************************************
  87:isr_HA.c      **** * Function Name: isr_HA_StartEx
ARM GAS  C:\Users\GONZAL~1\AppData\Local\Temp\ccW9qedo.s 			page 3


  88:isr_HA.c      **** ********************************************************************************
  89:isr_HA.c      **** *
  90:isr_HA.c      **** * Summary:
  91:isr_HA.c      **** *  Sets up the interrupt and enables it. This function disables the interrupt,
  92:isr_HA.c      **** *  sets the interrupt vector based on the address passed in, sets the priority 
  93:isr_HA.c      **** *  from the value in the Design Wide Resources Interrupt Editor, then enables 
  94:isr_HA.c      **** *  the interrupt to the interrupt controller.
  95:isr_HA.c      **** *  
  96:isr_HA.c      **** *  When defining ISR functions, the CY_ISR and CY_ISR_PROTO macros should be 
  97:isr_HA.c      **** *  used to provide consistent definition across compilers:
  98:isr_HA.c      **** *  
  99:isr_HA.c      **** *  Function definition example:
 100:isr_HA.c      **** *   CY_ISR(MyISR)
 101:isr_HA.c      **** *   {
 102:isr_HA.c      **** *   }
 103:isr_HA.c      **** *   Function prototype example:
 104:isr_HA.c      **** *   CY_ISR_PROTO(MyISR);
 105:isr_HA.c      **** *
 106:isr_HA.c      **** * Parameters:  
 107:isr_HA.c      **** *   address: Address of the ISR to set in the interrupt vector table.
 108:isr_HA.c      **** *
 109:isr_HA.c      **** * Return:
 110:isr_HA.c      **** *   None
 111:isr_HA.c      **** *
 112:isr_HA.c      **** *******************************************************************************/
 113:isr_HA.c      **** void isr_HA_StartEx(cyisraddress address)
 114:isr_HA.c      **** {
 115:isr_HA.c      ****     /* For all we know the interrupt is active. */
 116:isr_HA.c      ****     isr_HA_Disable();
 117:isr_HA.c      **** 
 118:isr_HA.c      ****     /* Set the ISR to point to the isr_HA Interrupt. */
 119:isr_HA.c      ****     isr_HA_SetVector(address);
 120:isr_HA.c      **** 
 121:isr_HA.c      ****     /* Set the priority. */
 122:isr_HA.c      ****     isr_HA_SetPriority((uint8)isr_HA_INTC_PRIOR_NUMBER);
 123:isr_HA.c      **** 
 124:isr_HA.c      ****     /* Enable it. */
 125:isr_HA.c      ****     isr_HA_Enable();
 126:isr_HA.c      **** }
 127:isr_HA.c      **** 
 128:isr_HA.c      **** 
 129:isr_HA.c      **** /*******************************************************************************
 130:isr_HA.c      **** * Function Name: isr_HA_Stop
 131:isr_HA.c      **** ********************************************************************************
 132:isr_HA.c      **** *
 133:isr_HA.c      **** * Summary:
 134:isr_HA.c      **** *   Disables and removes the interrupt.
 135:isr_HA.c      **** *
 136:isr_HA.c      **** * Parameters:  
 137:isr_HA.c      **** *   None
 138:isr_HA.c      **** *
 139:isr_HA.c      **** * Return:
 140:isr_HA.c      **** *   None
 141:isr_HA.c      **** *
 142:isr_HA.c      **** *******************************************************************************/
 143:isr_HA.c      **** void isr_HA_Stop(void)
 144:isr_HA.c      **** {
ARM GAS  C:\Users\GONZAL~1\AppData\Local\Temp\ccW9qedo.s 			page 4


 145:isr_HA.c      ****     /* Disable this interrupt. */
 146:isr_HA.c      ****     isr_HA_Disable();
 147:isr_HA.c      **** 
 148:isr_HA.c      ****     /* Set the ISR to point to the passive one. */
 149:isr_HA.c      ****     isr_HA_SetVector(&IntDefaultHandler);
 150:isr_HA.c      **** }
 151:isr_HA.c      **** 
 152:isr_HA.c      **** 
 153:isr_HA.c      **** /*******************************************************************************
 154:isr_HA.c      **** * Function Name: isr_HA_Interrupt
 155:isr_HA.c      **** ********************************************************************************
 156:isr_HA.c      **** *
 157:isr_HA.c      **** * Summary:
 158:isr_HA.c      **** *   The default Interrupt Service Routine for isr_HA.
 159:isr_HA.c      **** *
 160:isr_HA.c      **** *   Add custom code between the coments to keep the next version of this file
 161:isr_HA.c      **** *   from over writting your code.
 162:isr_HA.c      **** *
 163:isr_HA.c      **** * Parameters:  
 164:isr_HA.c      **** *
 165:isr_HA.c      **** * Return:
 166:isr_HA.c      **** *   None
 167:isr_HA.c      **** *
 168:isr_HA.c      **** *******************************************************************************/
 169:isr_HA.c      **** CY_ISR(isr_HA_Interrupt)
 170:isr_HA.c      **** {
  28              		.loc 1 170 0
  29              		.cfi_startproc
  30              		@ args = 0, pretend = 0, frame = 0
  31              		@ frame_needed = 0, uses_anonymous_args = 0
  32 0000 08B5     		push	{r3, lr}
  33              		.cfi_def_cfa_offset 8
  34              		.cfi_offset 3, -8
  35              		.cfi_offset 14, -4
 171:isr_HA.c      ****     #ifdef isr_HA_INTERRUPT_INTERRUPT_CALLBACK
 172:isr_HA.c      ****         isr_HA_Interrupt_InterruptCallback();
 173:isr_HA.c      ****     #endif /* isr_HA_INTERRUPT_INTERRUPT_CALLBACK */ 
 174:isr_HA.c      **** 
 175:isr_HA.c      ****     /*  Place your Interrupt code here. */
 176:isr_HA.c      ****     /* `#START isr_HA_Interrupt` */
 177:isr_HA.c      **** 
 178:isr_HA.c      ****     ca = Timer_ha_ReadCounter(); // read counter
  36              		.loc 1 178 0
  37 0002 FFF7FEFF 		bl	Timer_ha_ReadCounter
  38              	.LVL0:
  39 0006 074A     		ldr	r2, .L3
  40 0008 1060     		str	r0, [r2]
 179:isr_HA.c      ****     t_ha = -1*(ca+ma); //
  41              		.loc 1 179 0
  42 000a 1068     		ldr	r0, [r2]
  43 000c 0649     		ldr	r1, .L3+4
  44 000e 0B68     		ldr	r3, [r1]
  45 0010 0344     		add	r3, r3, r0
  46 0012 5B42     		negs	r3, r3
  47 0014 0548     		ldr	r0, .L3+8
  48 0016 0360     		str	r3, [r0]
 180:isr_HA.c      ****     ma = ca;
ARM GAS  C:\Users\GONZAL~1\AppData\Local\Temp\ccW9qedo.s 			page 5


  49              		.loc 1 180 0
  50 0018 1368     		ldr	r3, [r2]
  51 001a 0B60     		str	r3, [r1]
 181:isr_HA.c      ****     Timer_ha_WriteCounter(0); // reset the counter
  52              		.loc 1 181 0
  53 001c 0020     		movs	r0, #0
  54 001e FFF7FEFF 		bl	Timer_ha_WriteCounter
  55              	.LVL1:
  56 0022 08BD     		pop	{r3, pc}
  57              	.L4:
  58              		.align	2
  59              	.L3:
  60 0024 00000000 		.word	ca
  61 0028 00000000 		.word	ma
  62 002c 00000000 		.word	t_ha
  63              		.cfi_endproc
  64              	.LFE3:
  65              		.size	isr_HA_Interrupt, .-isr_HA_Interrupt
  66              		.section	.text.isr_HA_SetVector,"ax",%progbits
  67              		.align	2
  68              		.global	isr_HA_SetVector
  69              		.thumb
  70              		.thumb_func
  71              		.type	isr_HA_SetVector, %function
  72              	isr_HA_SetVector:
  73              	.LFB4:
 182:isr_HA.c      ****    
 183:isr_HA.c      ****     /* `#END` */
 184:isr_HA.c      **** }
 185:isr_HA.c      **** 
 186:isr_HA.c      **** 
 187:isr_HA.c      **** /*******************************************************************************
 188:isr_HA.c      **** * Function Name: isr_HA_SetVector
 189:isr_HA.c      **** ********************************************************************************
 190:isr_HA.c      **** *
 191:isr_HA.c      **** * Summary:
 192:isr_HA.c      **** *   Change the ISR vector for the Interrupt. Note calling isr_HA_Start
 193:isr_HA.c      **** *   will override any effect this method would have had. To set the vector 
 194:isr_HA.c      **** *   before the component has been started use isr_HA_StartEx instead.
 195:isr_HA.c      **** * 
 196:isr_HA.c      **** *   When defining ISR functions, the CY_ISR and CY_ISR_PROTO macros should be 
 197:isr_HA.c      **** *   used to provide consistent definition across compilers:
 198:isr_HA.c      **** *
 199:isr_HA.c      **** *   Function definition example:
 200:isr_HA.c      **** *   CY_ISR(MyISR)
 201:isr_HA.c      **** *   {
 202:isr_HA.c      **** *   }
 203:isr_HA.c      **** *
 204:isr_HA.c      **** *   Function prototype example:
 205:isr_HA.c      **** *     CY_ISR_PROTO(MyISR);
 206:isr_HA.c      **** *
 207:isr_HA.c      **** * Parameters:
 208:isr_HA.c      **** *   address: Address of the ISR to set in the interrupt vector table.
 209:isr_HA.c      **** *
 210:isr_HA.c      **** * Return:
 211:isr_HA.c      **** *   None
 212:isr_HA.c      **** *
ARM GAS  C:\Users\GONZAL~1\AppData\Local\Temp\ccW9qedo.s 			page 6


 213:isr_HA.c      **** *******************************************************************************/
 214:isr_HA.c      **** void isr_HA_SetVector(cyisraddress address)
 215:isr_HA.c      **** {
  74              		.loc 1 215 0
  75              		.cfi_startproc
  76              		@ args = 0, pretend = 0, frame = 0
  77              		@ frame_needed = 0, uses_anonymous_args = 0
  78              		@ link register save eliminated.
  79              	.LVL2:
 216:isr_HA.c      ****     cyisraddress * ramVectorTable;
 217:isr_HA.c      **** 
 218:isr_HA.c      ****     ramVectorTable = (cyisraddress *) *CYINT_VECT_TABLE;
  80              		.loc 1 218 0
  81 0000 014B     		ldr	r3, .L6
  82 0002 1B68     		ldr	r3, [r3]
  83              	.LVL3:
 219:isr_HA.c      **** 
 220:isr_HA.c      ****     ramVectorTable[CYINT_IRQ_BASE + (uint32)isr_HA__INTC_NUMBER] = address;
  84              		.loc 1 220 0
  85 0004 9866     		str	r0, [r3, #104]
  86 0006 7047     		bx	lr
  87              	.L7:
  88              		.align	2
  89              	.L6:
  90 0008 08ED00E0 		.word	-536810232
  91              		.cfi_endproc
  92              	.LFE4:
  93              		.size	isr_HA_SetVector, .-isr_HA_SetVector
  94              		.section	.text.isr_HA_GetVector,"ax",%progbits
  95              		.align	2
  96              		.global	isr_HA_GetVector
  97              		.thumb
  98              		.thumb_func
  99              		.type	isr_HA_GetVector, %function
 100              	isr_HA_GetVector:
 101              	.LFB5:
 221:isr_HA.c      **** }
 222:isr_HA.c      **** 
 223:isr_HA.c      **** 
 224:isr_HA.c      **** /*******************************************************************************
 225:isr_HA.c      **** * Function Name: isr_HA_GetVector
 226:isr_HA.c      **** ********************************************************************************
 227:isr_HA.c      **** *
 228:isr_HA.c      **** * Summary:
 229:isr_HA.c      **** *   Gets the "address" of the current ISR vector for the Interrupt.
 230:isr_HA.c      **** *
 231:isr_HA.c      **** * Parameters:
 232:isr_HA.c      **** *   None
 233:isr_HA.c      **** *
 234:isr_HA.c      **** * Return:
 235:isr_HA.c      **** *   Address of the ISR in the interrupt vector table.
 236:isr_HA.c      **** *
 237:isr_HA.c      **** *******************************************************************************/
 238:isr_HA.c      **** cyisraddress isr_HA_GetVector(void)
 239:isr_HA.c      **** {
 102              		.loc 1 239 0
 103              		.cfi_startproc
ARM GAS  C:\Users\GONZAL~1\AppData\Local\Temp\ccW9qedo.s 			page 7


 104              		@ args = 0, pretend = 0, frame = 0
 105              		@ frame_needed = 0, uses_anonymous_args = 0
 106              		@ link register save eliminated.
 240:isr_HA.c      ****     cyisraddress * ramVectorTable;
 241:isr_HA.c      **** 
 242:isr_HA.c      ****     ramVectorTable = (cyisraddress *) *CYINT_VECT_TABLE;
 107              		.loc 1 242 0
 108 0000 014B     		ldr	r3, .L9
 109 0002 1B68     		ldr	r3, [r3]
 110              	.LVL4:
 243:isr_HA.c      **** 
 244:isr_HA.c      ****     return ramVectorTable[CYINT_IRQ_BASE + (uint32)isr_HA__INTC_NUMBER];
 245:isr_HA.c      **** }
 111              		.loc 1 245 0
 112 0004 986E     		ldr	r0, [r3, #104]
 113 0006 7047     		bx	lr
 114              	.L10:
 115              		.align	2
 116              	.L9:
 117 0008 08ED00E0 		.word	-536810232
 118              		.cfi_endproc
 119              	.LFE5:
 120              		.size	isr_HA_GetVector, .-isr_HA_GetVector
 121              		.section	.text.isr_HA_SetPriority,"ax",%progbits
 122              		.align	2
 123              		.global	isr_HA_SetPriority
 124              		.thumb
 125              		.thumb_func
 126              		.type	isr_HA_SetPriority, %function
 127              	isr_HA_SetPriority:
 128              	.LFB6:
 246:isr_HA.c      **** 
 247:isr_HA.c      **** 
 248:isr_HA.c      **** /*******************************************************************************
 249:isr_HA.c      **** * Function Name: isr_HA_SetPriority
 250:isr_HA.c      **** ********************************************************************************
 251:isr_HA.c      **** *
 252:isr_HA.c      **** * Summary:
 253:isr_HA.c      **** *   Sets the Priority of the Interrupt. 
 254:isr_HA.c      **** *
 255:isr_HA.c      **** *   Note calling isr_HA_Start or isr_HA_StartEx will 
 256:isr_HA.c      **** *   override any effect this API would have had. This API should only be called
 257:isr_HA.c      **** *   after isr_HA_Start or isr_HA_StartEx has been called. 
 258:isr_HA.c      **** *   To set the initial priority for the component, use the Design-Wide Resources
 259:isr_HA.c      **** *   Interrupt Editor.
 260:isr_HA.c      **** *
 261:isr_HA.c      **** *   Note This API has no effect on Non-maskable interrupt NMI).
 262:isr_HA.c      **** *
 263:isr_HA.c      **** * Parameters:
 264:isr_HA.c      **** *   priority: Priority of the interrupt, 0 being the highest priority
 265:isr_HA.c      **** *             PSoC 3 and PSoC 5LP: Priority is from 0 to 7.
 266:isr_HA.c      **** *             PSoC 4: Priority is from 0 to 3.
 267:isr_HA.c      **** *
 268:isr_HA.c      **** * Return:
 269:isr_HA.c      **** *   None
 270:isr_HA.c      **** *
 271:isr_HA.c      **** *******************************************************************************/
ARM GAS  C:\Users\GONZAL~1\AppData\Local\Temp\ccW9qedo.s 			page 8


 272:isr_HA.c      **** void isr_HA_SetPriority(uint8 priority)
 273:isr_HA.c      **** {
 129              		.loc 1 273 0
 130              		.cfi_startproc
 131              		@ args = 0, pretend = 0, frame = 0
 132              		@ frame_needed = 0, uses_anonymous_args = 0
 133              		@ link register save eliminated.
 134              	.LVL5:
 274:isr_HA.c      ****     *isr_HA_INTC_PRIOR = priority << 5;
 135              		.loc 1 274 0
 136 0000 4001     		lsls	r0, r0, #5
 137              	.LVL6:
 138 0002 C0B2     		uxtb	r0, r0
 139 0004 014B     		ldr	r3, .L12
 140 0006 1870     		strb	r0, [r3]
 141 0008 7047     		bx	lr
 142              	.L13:
 143 000a 00BF     		.align	2
 144              	.L12:
 145 000c 0AE400E0 		.word	-536812534
 146              		.cfi_endproc
 147              	.LFE6:
 148              		.size	isr_HA_SetPriority, .-isr_HA_SetPriority
 149              		.section	.text.isr_HA_GetPriority,"ax",%progbits
 150              		.align	2
 151              		.global	isr_HA_GetPriority
 152              		.thumb
 153              		.thumb_func
 154              		.type	isr_HA_GetPriority, %function
 155              	isr_HA_GetPriority:
 156              	.LFB7:
 275:isr_HA.c      **** }
 276:isr_HA.c      **** 
 277:isr_HA.c      **** 
 278:isr_HA.c      **** /*******************************************************************************
 279:isr_HA.c      **** * Function Name: isr_HA_GetPriority
 280:isr_HA.c      **** ********************************************************************************
 281:isr_HA.c      **** *
 282:isr_HA.c      **** * Summary:
 283:isr_HA.c      **** *   Gets the Priority of the Interrupt.
 284:isr_HA.c      **** *
 285:isr_HA.c      **** * Parameters:
 286:isr_HA.c      **** *   None
 287:isr_HA.c      **** *
 288:isr_HA.c      **** * Return:
 289:isr_HA.c      **** *   Priority of the interrupt, 0 being the highest priority
 290:isr_HA.c      **** *    PSoC 3 and PSoC 5LP: Priority is from 0 to 7.
 291:isr_HA.c      **** *    PSoC 4: Priority is from 0 to 3.
 292:isr_HA.c      **** *
 293:isr_HA.c      **** *******************************************************************************/
 294:isr_HA.c      **** uint8 isr_HA_GetPriority(void)
 295:isr_HA.c      **** {
 157              		.loc 1 295 0
 158              		.cfi_startproc
 159              		@ args = 0, pretend = 0, frame = 0
 160              		@ frame_needed = 0, uses_anonymous_args = 0
 161              		@ link register save eliminated.
ARM GAS  C:\Users\GONZAL~1\AppData\Local\Temp\ccW9qedo.s 			page 9


 296:isr_HA.c      ****     uint8 priority;
 297:isr_HA.c      **** 
 298:isr_HA.c      **** 
 299:isr_HA.c      ****     priority = *isr_HA_INTC_PRIOR >> 5;
 162              		.loc 1 299 0
 163 0000 014B     		ldr	r3, .L15
 164 0002 1878     		ldrb	r0, [r3]	@ zero_extendqisi2
 165              	.LVL7:
 300:isr_HA.c      **** 
 301:isr_HA.c      ****     return priority;
 302:isr_HA.c      **** }
 166              		.loc 1 302 0
 167 0004 4009     		lsrs	r0, r0, #5
 168              	.LVL8:
 169 0006 7047     		bx	lr
 170              	.L16:
 171              		.align	2
 172              	.L15:
 173 0008 0AE400E0 		.word	-536812534
 174              		.cfi_endproc
 175              	.LFE7:
 176              		.size	isr_HA_GetPriority, .-isr_HA_GetPriority
 177              		.section	.text.isr_HA_Enable,"ax",%progbits
 178              		.align	2
 179              		.global	isr_HA_Enable
 180              		.thumb
 181              		.thumb_func
 182              		.type	isr_HA_Enable, %function
 183              	isr_HA_Enable:
 184              	.LFB8:
 303:isr_HA.c      **** 
 304:isr_HA.c      **** 
 305:isr_HA.c      **** /*******************************************************************************
 306:isr_HA.c      **** * Function Name: isr_HA_Enable
 307:isr_HA.c      **** ********************************************************************************
 308:isr_HA.c      **** *
 309:isr_HA.c      **** * Summary:
 310:isr_HA.c      **** *   Enables the interrupt to the interrupt controller. Do not call this function
 311:isr_HA.c      **** *   unless ISR_Start() has been called or the functionality of the ISR_Start() 
 312:isr_HA.c      **** *   function, which sets the vector and the priority, has been called.
 313:isr_HA.c      **** *
 314:isr_HA.c      **** * Parameters:
 315:isr_HA.c      **** *   None
 316:isr_HA.c      **** *
 317:isr_HA.c      **** * Return:
 318:isr_HA.c      **** *   None
 319:isr_HA.c      **** *
 320:isr_HA.c      **** *******************************************************************************/
 321:isr_HA.c      **** void isr_HA_Enable(void)
 322:isr_HA.c      **** {
 185              		.loc 1 322 0
 186              		.cfi_startproc
 187              		@ args = 0, pretend = 0, frame = 0
 188              		@ frame_needed = 0, uses_anonymous_args = 0
 189              		@ link register save eliminated.
 323:isr_HA.c      ****     /* Enable the general interrupt. */
 324:isr_HA.c      ****     *isr_HA_INTC_SET_EN = isr_HA__INTC_MASK;
ARM GAS  C:\Users\GONZAL~1\AppData\Local\Temp\ccW9qedo.s 			page 10


 190              		.loc 1 324 0
 191 0000 4FF48062 		mov	r2, #1024
 192 0004 014B     		ldr	r3, .L18
 193 0006 1A60     		str	r2, [r3]
 194 0008 7047     		bx	lr
 195              	.L19:
 196 000a 00BF     		.align	2
 197              	.L18:
 198 000c 00E100E0 		.word	-536813312
 199              		.cfi_endproc
 200              	.LFE8:
 201              		.size	isr_HA_Enable, .-isr_HA_Enable
 202              		.section	.text.isr_HA_GetState,"ax",%progbits
 203              		.align	2
 204              		.global	isr_HA_GetState
 205              		.thumb
 206              		.thumb_func
 207              		.type	isr_HA_GetState, %function
 208              	isr_HA_GetState:
 209              	.LFB9:
 325:isr_HA.c      **** }
 326:isr_HA.c      **** 
 327:isr_HA.c      **** 
 328:isr_HA.c      **** /*******************************************************************************
 329:isr_HA.c      **** * Function Name: isr_HA_GetState
 330:isr_HA.c      **** ********************************************************************************
 331:isr_HA.c      **** *
 332:isr_HA.c      **** * Summary:
 333:isr_HA.c      **** *   Gets the state (enabled, disabled) of the Interrupt.
 334:isr_HA.c      **** *
 335:isr_HA.c      **** * Parameters:
 336:isr_HA.c      **** *   None
 337:isr_HA.c      **** *
 338:isr_HA.c      **** * Return:
 339:isr_HA.c      **** *   1 if enabled, 0 if disabled.
 340:isr_HA.c      **** *
 341:isr_HA.c      **** *******************************************************************************/
 342:isr_HA.c      **** uint8 isr_HA_GetState(void)
 343:isr_HA.c      **** {
 210              		.loc 1 343 0
 211              		.cfi_startproc
 212              		@ args = 0, pretend = 0, frame = 0
 213              		@ frame_needed = 0, uses_anonymous_args = 0
 214              		@ link register save eliminated.
 344:isr_HA.c      ****     /* Get the state of the general interrupt. */
 345:isr_HA.c      ****     return ((*isr_HA_INTC_SET_EN & (uint32)isr_HA__INTC_MASK) != 0u) ? 1u:0u;
 215              		.loc 1 345 0
 216 0000 044B     		ldr	r3, .L23
 217 0002 1B68     		ldr	r3, [r3]
 218 0004 13F4806F 		tst	r3, #1024
 219 0008 01D0     		beq	.L22
 220 000a 0120     		movs	r0, #1
 221 000c 7047     		bx	lr
 222              	.L22:
 223 000e 0020     		movs	r0, #0
 346:isr_HA.c      **** }
 224              		.loc 1 346 0
ARM GAS  C:\Users\GONZAL~1\AppData\Local\Temp\ccW9qedo.s 			page 11


 225 0010 7047     		bx	lr
 226              	.L24:
 227 0012 00BF     		.align	2
 228              	.L23:
 229 0014 00E100E0 		.word	-536813312
 230              		.cfi_endproc
 231              	.LFE9:
 232              		.size	isr_HA_GetState, .-isr_HA_GetState
 233              		.section	.text.isr_HA_Disable,"ax",%progbits
 234              		.align	2
 235              		.global	isr_HA_Disable
 236              		.thumb
 237              		.thumb_func
 238              		.type	isr_HA_Disable, %function
 239              	isr_HA_Disable:
 240              	.LFB10:
 347:isr_HA.c      **** 
 348:isr_HA.c      **** 
 349:isr_HA.c      **** /*******************************************************************************
 350:isr_HA.c      **** * Function Name: isr_HA_Disable
 351:isr_HA.c      **** ********************************************************************************
 352:isr_HA.c      **** *
 353:isr_HA.c      **** * Summary:
 354:isr_HA.c      **** *   Disables the Interrupt in the interrupt controller.
 355:isr_HA.c      **** *
 356:isr_HA.c      **** * Parameters:
 357:isr_HA.c      **** *   None
 358:isr_HA.c      **** *
 359:isr_HA.c      **** * Return:
 360:isr_HA.c      **** *   None
 361:isr_HA.c      **** *
 362:isr_HA.c      **** *******************************************************************************/
 363:isr_HA.c      **** void isr_HA_Disable(void)
 364:isr_HA.c      **** {
 241              		.loc 1 364 0
 242              		.cfi_startproc
 243              		@ args = 0, pretend = 0, frame = 0
 244              		@ frame_needed = 0, uses_anonymous_args = 0
 245              		@ link register save eliminated.
 365:isr_HA.c      ****     /* Disable the general interrupt. */
 366:isr_HA.c      ****     *isr_HA_INTC_CLR_EN = isr_HA__INTC_MASK;
 246              		.loc 1 366 0
 247 0000 4FF48062 		mov	r2, #1024
 248 0004 014B     		ldr	r3, .L26
 249 0006 1A60     		str	r2, [r3]
 250 0008 7047     		bx	lr
 251              	.L27:
 252 000a 00BF     		.align	2
 253              	.L26:
 254 000c 80E100E0 		.word	-536813184
 255              		.cfi_endproc
 256              	.LFE10:
 257              		.size	isr_HA_Disable, .-isr_HA_Disable
 258              		.section	.text.isr_HA_Start,"ax",%progbits
 259              		.align	2
 260              		.global	isr_HA_Start
 261              		.thumb
ARM GAS  C:\Users\GONZAL~1\AppData\Local\Temp\ccW9qedo.s 			page 12


 262              		.thumb_func
 263              		.type	isr_HA_Start, %function
 264              	isr_HA_Start:
 265              	.LFB0:
  71:isr_HA.c      ****     /* For all we know the interrupt is active. */
 266              		.loc 1 71 0
 267              		.cfi_startproc
 268              		@ args = 0, pretend = 0, frame = 0
 269              		@ frame_needed = 0, uses_anonymous_args = 0
 270 0000 08B5     		push	{r3, lr}
 271              		.cfi_def_cfa_offset 8
 272              		.cfi_offset 3, -8
 273              		.cfi_offset 14, -4
  73:isr_HA.c      **** 
 274              		.loc 1 73 0
 275 0002 FFF7FEFF 		bl	isr_HA_Disable
 276              	.LVL9:
  76:isr_HA.c      **** 
 277              		.loc 1 76 0
 278 0006 0448     		ldr	r0, .L30
 279 0008 FFF7FEFF 		bl	isr_HA_SetVector
 280              	.LVL10:
  79:isr_HA.c      **** 
 281              		.loc 1 79 0
 282 000c 0720     		movs	r0, #7
 283 000e FFF7FEFF 		bl	isr_HA_SetPriority
 284              	.LVL11:
  82:isr_HA.c      **** }
 285              		.loc 1 82 0
 286 0012 FFF7FEFF 		bl	isr_HA_Enable
 287              	.LVL12:
 288 0016 08BD     		pop	{r3, pc}
 289              	.L31:
 290              		.align	2
 291              	.L30:
 292 0018 00000000 		.word	isr_HA_Interrupt
 293              		.cfi_endproc
 294              	.LFE0:
 295              		.size	isr_HA_Start, .-isr_HA_Start
 296              		.section	.text.isr_HA_StartEx,"ax",%progbits
 297              		.align	2
 298              		.global	isr_HA_StartEx
 299              		.thumb
 300              		.thumb_func
 301              		.type	isr_HA_StartEx, %function
 302              	isr_HA_StartEx:
 303              	.LFB1:
 114:isr_HA.c      ****     /* For all we know the interrupt is active. */
 304              		.loc 1 114 0
 305              		.cfi_startproc
 306              		@ args = 0, pretend = 0, frame = 0
 307              		@ frame_needed = 0, uses_anonymous_args = 0
 308              	.LVL13:
 309 0000 10B5     		push	{r4, lr}
 310              		.cfi_def_cfa_offset 8
 311              		.cfi_offset 4, -8
 312              		.cfi_offset 14, -4
ARM GAS  C:\Users\GONZAL~1\AppData\Local\Temp\ccW9qedo.s 			page 13


 313 0002 0446     		mov	r4, r0
 116:isr_HA.c      **** 
 314              		.loc 1 116 0
 315 0004 FFF7FEFF 		bl	isr_HA_Disable
 316              	.LVL14:
 119:isr_HA.c      **** 
 317              		.loc 1 119 0
 318 0008 2046     		mov	r0, r4
 319 000a FFF7FEFF 		bl	isr_HA_SetVector
 320              	.LVL15:
 122:isr_HA.c      **** 
 321              		.loc 1 122 0
 322 000e 0720     		movs	r0, #7
 323 0010 FFF7FEFF 		bl	isr_HA_SetPriority
 324              	.LVL16:
 125:isr_HA.c      **** }
 325              		.loc 1 125 0
 326 0014 FFF7FEFF 		bl	isr_HA_Enable
 327              	.LVL17:
 328 0018 10BD     		pop	{r4, pc}
 329              		.cfi_endproc
 330              	.LFE1:
 331              		.size	isr_HA_StartEx, .-isr_HA_StartEx
 332 001a 00BF     		.section	.text.isr_HA_Stop,"ax",%progbits
 333              		.align	2
 334              		.global	isr_HA_Stop
 335              		.thumb
 336              		.thumb_func
 337              		.type	isr_HA_Stop, %function
 338              	isr_HA_Stop:
 339              	.LFB2:
 144:isr_HA.c      ****     /* Disable this interrupt. */
 340              		.loc 1 144 0
 341              		.cfi_startproc
 342              		@ args = 0, pretend = 0, frame = 0
 343              		@ frame_needed = 0, uses_anonymous_args = 0
 344 0000 08B5     		push	{r3, lr}
 345              		.cfi_def_cfa_offset 8
 346              		.cfi_offset 3, -8
 347              		.cfi_offset 14, -4
 146:isr_HA.c      **** 
 348              		.loc 1 146 0
 349 0002 FFF7FEFF 		bl	isr_HA_Disable
 350              	.LVL18:
 149:isr_HA.c      **** }
 351              		.loc 1 149 0
 352 0006 0248     		ldr	r0, .L36
 353 0008 FFF7FEFF 		bl	isr_HA_SetVector
 354              	.LVL19:
 355 000c 08BD     		pop	{r3, pc}
 356              	.L37:
 357 000e 00BF     		.align	2
 358              	.L36:
 359 0010 00000000 		.word	IntDefaultHandler
 360              		.cfi_endproc
 361              	.LFE2:
 362              		.size	isr_HA_Stop, .-isr_HA_Stop
ARM GAS  C:\Users\GONZAL~1\AppData\Local\Temp\ccW9qedo.s 			page 14


 363              		.section	.text.isr_HA_SetPending,"ax",%progbits
 364              		.align	2
 365              		.global	isr_HA_SetPending
 366              		.thumb
 367              		.thumb_func
 368              		.type	isr_HA_SetPending, %function
 369              	isr_HA_SetPending:
 370              	.LFB11:
 367:isr_HA.c      **** }
 368:isr_HA.c      **** 
 369:isr_HA.c      **** 
 370:isr_HA.c      **** /*******************************************************************************
 371:isr_HA.c      **** * Function Name: isr_HA_SetPending
 372:isr_HA.c      **** ********************************************************************************
 373:isr_HA.c      **** *
 374:isr_HA.c      **** * Summary:
 375:isr_HA.c      **** *   Causes the Interrupt to enter the pending state, a software method of
 376:isr_HA.c      **** *   generating the interrupt.
 377:isr_HA.c      **** *
 378:isr_HA.c      **** * Parameters:
 379:isr_HA.c      **** *   None
 380:isr_HA.c      **** *
 381:isr_HA.c      **** * Return:
 382:isr_HA.c      **** *   None
 383:isr_HA.c      **** *
 384:isr_HA.c      **** * Side Effects:
 385:isr_HA.c      **** *   If interrupts are enabled and the interrupt is set up properly, the ISR is
 386:isr_HA.c      **** *   entered (depending on the priority of this interrupt and other pending 
 387:isr_HA.c      **** *   interrupts).
 388:isr_HA.c      **** *
 389:isr_HA.c      **** *******************************************************************************/
 390:isr_HA.c      **** void isr_HA_SetPending(void)
 391:isr_HA.c      **** {
 371              		.loc 1 391 0
 372              		.cfi_startproc
 373              		@ args = 0, pretend = 0, frame = 0
 374              		@ frame_needed = 0, uses_anonymous_args = 0
 375              		@ link register save eliminated.
 392:isr_HA.c      ****     *isr_HA_INTC_SET_PD = isr_HA__INTC_MASK;
 376              		.loc 1 392 0
 377 0000 4FF48062 		mov	r2, #1024
 378 0004 014B     		ldr	r3, .L39
 379 0006 1A60     		str	r2, [r3]
 380 0008 7047     		bx	lr
 381              	.L40:
 382 000a 00BF     		.align	2
 383              	.L39:
 384 000c 00E200E0 		.word	-536813056
 385              		.cfi_endproc
 386              	.LFE11:
 387              		.size	isr_HA_SetPending, .-isr_HA_SetPending
 388              		.section	.text.isr_HA_ClearPending,"ax",%progbits
 389              		.align	2
 390              		.global	isr_HA_ClearPending
 391              		.thumb
 392              		.thumb_func
 393              		.type	isr_HA_ClearPending, %function
ARM GAS  C:\Users\GONZAL~1\AppData\Local\Temp\ccW9qedo.s 			page 15


 394              	isr_HA_ClearPending:
 395              	.LFB12:
 393:isr_HA.c      **** }
 394:isr_HA.c      **** 
 395:isr_HA.c      **** 
 396:isr_HA.c      **** /*******************************************************************************
 397:isr_HA.c      **** * Function Name: isr_HA_ClearPending
 398:isr_HA.c      **** ********************************************************************************
 399:isr_HA.c      **** *
 400:isr_HA.c      **** * Summary:
 401:isr_HA.c      **** *   Clears a pending interrupt in the interrupt controller.
 402:isr_HA.c      **** *
 403:isr_HA.c      **** *   Note Some interrupt sources are clear-on-read and require the block 
 404:isr_HA.c      **** *   interrupt/status register to be read/cleared with the appropriate block API 
 405:isr_HA.c      **** *   (GPIO, UART, and so on). Otherwise the ISR will continue to remain in 
 406:isr_HA.c      **** *   pending state even though the interrupt itself is cleared using this API.
 407:isr_HA.c      **** *
 408:isr_HA.c      **** * Parameters:
 409:isr_HA.c      **** *   None
 410:isr_HA.c      **** *
 411:isr_HA.c      **** * Return:
 412:isr_HA.c      **** *   None
 413:isr_HA.c      **** *
 414:isr_HA.c      **** *******************************************************************************/
 415:isr_HA.c      **** void isr_HA_ClearPending(void)
 416:isr_HA.c      **** {
 396              		.loc 1 416 0
 397              		.cfi_startproc
 398              		@ args = 0, pretend = 0, frame = 0
 399              		@ frame_needed = 0, uses_anonymous_args = 0
 400              		@ link register save eliminated.
 417:isr_HA.c      ****     *isr_HA_INTC_CLR_PD = isr_HA__INTC_MASK;
 401              		.loc 1 417 0
 402 0000 4FF48062 		mov	r2, #1024
 403 0004 014B     		ldr	r3, .L42
 404 0006 1A60     		str	r2, [r3]
 405 0008 7047     		bx	lr
 406              	.L43:
 407 000a 00BF     		.align	2
 408              	.L42:
 409 000c 80E200E0 		.word	-536812928
 410              		.cfi_endproc
 411              	.LFE12:
 412              		.size	isr_HA_ClearPending, .-isr_HA_ClearPending
 413              		.comm	aux,2,2
 414              		.comm	last_count,2,2
 415              		.comm	rotor_direction,1,1
 416              		.comm	ma,4,4
 417              		.comm	ca,4,4
 418              		.comm	t_ha,4,4
 419              		.text
 420              	.Letext0:
 421              		.file 2 "c:\\program files (x86)\\cypress\\psoc creator\\4.1\\psoc creator\\import\\gnu\\arm\\5.4.
 422              		.file 3 "c:\\program files (x86)\\cypress\\psoc creator\\4.1\\psoc creator\\import\\gnu\\arm\\5.4.
 423              		.file 4 "Generated_Source\\PSoC5/cytypes.h"
 424              		.file 5 "Generated_Source\\PSoC5/Timer_ha.h"
 425              		.section	.debug_info,"",%progbits
ARM GAS  C:\Users\GONZAL~1\AppData\Local\Temp\ccW9qedo.s 			page 16


 426              	.Ldebug_info0:
 427 0000 9D030000 		.4byte	0x39d
 428 0004 0400     		.2byte	0x4
 429 0006 00000000 		.4byte	.Ldebug_abbrev0
 430 000a 04       		.byte	0x4
 431 000b 01       		.uleb128 0x1
 432 000c DA000000 		.4byte	.LASF43
 433 0010 0C       		.byte	0xc
 434 0011 83020000 		.4byte	.LASF44
 435 0015 AD020000 		.4byte	.LASF45
 436 0019 00000000 		.4byte	.Ldebug_ranges0+0
 437 001d 00000000 		.4byte	0
 438 0021 00000000 		.4byte	.Ldebug_line0
 439 0025 02       		.uleb128 0x2
 440 0026 04       		.byte	0x4
 441 0027 05       		.byte	0x5
 442 0028 696E7400 		.ascii	"int\000"
 443 002c 03       		.uleb128 0x3
 444 002d 04       		.byte	0x4
 445 002e 07       		.byte	0x7
 446 002f 62000000 		.4byte	.LASF0
 447 0033 03       		.uleb128 0x3
 448 0034 08       		.byte	0x8
 449 0035 05       		.byte	0x5
 450 0036 00000000 		.4byte	.LASF1
 451 003a 03       		.uleb128 0x3
 452 003b 08       		.byte	0x8
 453 003c 04       		.byte	0x4
 454 003d 95020000 		.4byte	.LASF2
 455 0041 03       		.uleb128 0x3
 456 0042 01       		.byte	0x1
 457 0043 06       		.byte	0x6
 458 0044 A1020000 		.4byte	.LASF3
 459 0048 03       		.uleb128 0x3
 460 0049 01       		.byte	0x1
 461 004a 08       		.byte	0x8
 462 004b CC000000 		.4byte	.LASF4
 463 004f 03       		.uleb128 0x3
 464 0050 02       		.byte	0x2
 465 0051 05       		.byte	0x5
 466 0052 79020000 		.4byte	.LASF5
 467 0056 03       		.uleb128 0x3
 468 0057 02       		.byte	0x2
 469 0058 07       		.byte	0x7
 470 0059 3C000000 		.4byte	.LASF6
 471 005d 04       		.uleb128 0x4
 472 005e 21000000 		.4byte	.LASF12
 473 0062 02       		.byte	0x2
 474 0063 3F       		.byte	0x3f
 475 0064 68000000 		.4byte	0x68
 476 0068 03       		.uleb128 0x3
 477 0069 04       		.byte	0x4
 478 006a 05       		.byte	0x5
 479 006b 8C020000 		.4byte	.LASF7
 480 006f 03       		.uleb128 0x3
 481 0070 04       		.byte	0x4
 482 0071 07       		.byte	0x7
ARM GAS  C:\Users\GONZAL~1\AppData\Local\Temp\ccW9qedo.s 			page 17


 483 0072 73010000 		.4byte	.LASF8
 484 0076 03       		.uleb128 0x3
 485 0077 08       		.byte	0x8
 486 0078 07       		.byte	0x7
 487 0079 15020000 		.4byte	.LASF9
 488 007d 03       		.uleb128 0x3
 489 007e 04       		.byte	0x4
 490 007f 07       		.byte	0x7
 491 0080 5C020000 		.4byte	.LASF10
 492 0084 03       		.uleb128 0x3
 493 0085 01       		.byte	0x1
 494 0086 08       		.byte	0x8
 495 0087 65020000 		.4byte	.LASF11
 496 008b 05       		.uleb128 0x5
 497 008c 04       		.byte	0x4
 498 008d 91000000 		.4byte	0x91
 499 0091 06       		.uleb128 0x6
 500 0092 04       		.uleb128 0x4
 501 0093 54020000 		.4byte	.LASF13
 502 0097 03       		.byte	0x3
 503 0098 2C       		.byte	0x2c
 504 0099 5D000000 		.4byte	0x5d
 505 009d 07       		.uleb128 0x7
 506 009e 85010000 		.4byte	.LASF14
 507 00a2 04       		.byte	0x4
 508 00a3 9201     		.2byte	0x192
 509 00a5 48000000 		.4byte	0x48
 510 00a9 07       		.uleb128 0x7
 511 00aa FA010000 		.4byte	.LASF15
 512 00ae 04       		.byte	0x4
 513 00af 9401     		.2byte	0x194
 514 00b1 6F000000 		.4byte	0x6f
 515 00b5 07       		.uleb128 0x7
 516 00b6 F0010000 		.4byte	.LASF16
 517 00ba 04       		.byte	0x4
 518 00bb 9501     		.2byte	0x195
 519 00bd 41000000 		.4byte	0x41
 520 00c1 07       		.uleb128 0x7
 521 00c2 6D010000 		.4byte	.LASF17
 522 00c6 04       		.byte	0x4
 523 00c7 9601     		.2byte	0x196
 524 00c9 4F000000 		.4byte	0x4f
 525 00cd 03       		.uleb128 0x3
 526 00ce 04       		.byte	0x4
 527 00cf 04       		.byte	0x4
 528 00d0 B2000000 		.4byte	.LASF18
 529 00d4 03       		.uleb128 0x3
 530 00d5 08       		.byte	0x8
 531 00d6 04       		.byte	0x4
 532 00d7 C8010000 		.4byte	.LASF19
 533 00db 07       		.uleb128 0x7
 534 00dc 68010000 		.4byte	.LASF20
 535 00e0 04       		.byte	0x4
 536 00e1 3C02     		.2byte	0x23c
 537 00e3 E7000000 		.4byte	0xe7
 538 00e7 08       		.uleb128 0x8
 539 00e8 9D000000 		.4byte	0x9d
ARM GAS  C:\Users\GONZAL~1\AppData\Local\Temp\ccW9qedo.s 			page 18


 540 00ec 07       		.uleb128 0x7
 541 00ed 0E000000 		.4byte	.LASF21
 542 00f1 04       		.byte	0x4
 543 00f2 3E02     		.2byte	0x23e
 544 00f4 F8000000 		.4byte	0xf8
 545 00f8 08       		.uleb128 0x8
 546 00f9 A9000000 		.4byte	0xa9
 547 00fd 07       		.uleb128 0x7
 548 00fe 2C020000 		.4byte	.LASF22
 549 0102 04       		.byte	0x4
 550 0103 4E02     		.2byte	0x24e
 551 0105 8B000000 		.4byte	0x8b
 552 0109 09       		.uleb128 0x9
 553 010a 6F000000 		.4byte	.LASF23
 554 010e 01       		.byte	0x1
 555 010f A9       		.byte	0xa9
 556 0110 00000000 		.4byte	.LFB3
 557 0114 30000000 		.4byte	.LFE3-.LFB3
 558 0118 01       		.uleb128 0x1
 559 0119 9C       		.byte	0x9c
 560 011a 37010000 		.4byte	0x137
 561 011e 0A       		.uleb128 0xa
 562 011f 06000000 		.4byte	.LVL0
 563 0123 8A030000 		.4byte	0x38a
 564 0127 0B       		.uleb128 0xb
 565 0128 22000000 		.4byte	.LVL1
 566 012c 95030000 		.4byte	0x395
 567 0130 0C       		.uleb128 0xc
 568 0131 01       		.uleb128 0x1
 569 0132 50       		.byte	0x50
 570 0133 01       		.uleb128 0x1
 571 0134 30       		.byte	0x30
 572 0135 00       		.byte	0
 573 0136 00       		.byte	0
 574 0137 09       		.uleb128 0x9
 575 0138 2B000000 		.4byte	.LASF24
 576 013c 01       		.byte	0x1
 577 013d D6       		.byte	0xd6
 578 013e 00000000 		.4byte	.LFB4
 579 0142 0C000000 		.4byte	.LFE4-.LFB4
 580 0146 01       		.uleb128 0x1
 581 0147 9C       		.byte	0x9c
 582 0148 67010000 		.4byte	0x167
 583 014c 0D       		.uleb128 0xd
 584 014d 0D020000 		.4byte	.LASF27
 585 0151 01       		.byte	0x1
 586 0152 D6       		.byte	0xd6
 587 0153 FD000000 		.4byte	0xfd
 588 0157 01       		.uleb128 0x1
 589 0158 50       		.byte	0x50
 590 0159 0E       		.uleb128 0xe
 591 015a 6A020000 		.4byte	.LASF25
 592 015e 01       		.byte	0x1
 593 015f D8       		.byte	0xd8
 594 0160 67010000 		.4byte	0x167
 595 0164 01       		.uleb128 0x1
 596 0165 53       		.byte	0x53
ARM GAS  C:\Users\GONZAL~1\AppData\Local\Temp\ccW9qedo.s 			page 19


 597 0166 00       		.byte	0
 598 0167 05       		.uleb128 0x5
 599 0168 04       		.byte	0x4
 600 0169 FD000000 		.4byte	0xfd
 601 016d 0F       		.uleb128 0xf
 602 016e DF010000 		.4byte	.LASF29
 603 0172 01       		.byte	0x1
 604 0173 EE       		.byte	0xee
 605 0174 FD000000 		.4byte	0xfd
 606 0178 00000000 		.4byte	.LFB5
 607 017c 0C000000 		.4byte	.LFE5-.LFB5
 608 0180 01       		.uleb128 0x1
 609 0181 9C       		.byte	0x9c
 610 0182 94010000 		.4byte	0x194
 611 0186 0E       		.uleb128 0xe
 612 0187 6A020000 		.4byte	.LASF25
 613 018b 01       		.byte	0x1
 614 018c F0       		.byte	0xf0
 615 018d 67010000 		.4byte	0x167
 616 0191 01       		.uleb128 0x1
 617 0192 53       		.byte	0x53
 618 0193 00       		.byte	0
 619 0194 10       		.uleb128 0x10
 620 0195 B5010000 		.4byte	.LASF26
 621 0199 01       		.byte	0x1
 622 019a 1001     		.2byte	0x110
 623 019c 00000000 		.4byte	.LFB6
 624 01a0 10000000 		.4byte	.LFE6-.LFB6
 625 01a4 01       		.uleb128 0x1
 626 01a5 9C       		.byte	0x9c
 627 01a6 BB010000 		.4byte	0x1bb
 628 01aa 11       		.uleb128 0x11
 629 01ab AC010000 		.4byte	.LASF28
 630 01af 01       		.byte	0x1
 631 01b0 1001     		.2byte	0x110
 632 01b2 9D000000 		.4byte	0x9d
 633 01b6 00000000 		.4byte	.LLST0
 634 01ba 00       		.byte	0
 635 01bb 12       		.uleb128 0x12
 636 01bc 4F000000 		.4byte	.LASF30
 637 01c0 01       		.byte	0x1
 638 01c1 2601     		.2byte	0x126
 639 01c3 9D000000 		.4byte	0x9d
 640 01c7 00000000 		.4byte	.LFB7
 641 01cb 0C000000 		.4byte	.LFE7-.LFB7
 642 01cf 01       		.uleb128 0x1
 643 01d0 9C       		.byte	0x9c
 644 01d1 E6010000 		.4byte	0x1e6
 645 01d5 13       		.uleb128 0x13
 646 01d6 AC010000 		.4byte	.LASF28
 647 01da 01       		.byte	0x1
 648 01db 2801     		.2byte	0x128
 649 01dd 9D000000 		.4byte	0x9d
 650 01e1 21000000 		.4byte	.LLST1
 651 01e5 00       		.byte	0
 652 01e6 14       		.uleb128 0x14
 653 01e7 95000000 		.4byte	.LASF31
ARM GAS  C:\Users\GONZAL~1\AppData\Local\Temp\ccW9qedo.s 			page 20


 654 01eb 01       		.byte	0x1
 655 01ec 4101     		.2byte	0x141
 656 01ee 00000000 		.4byte	.LFB8
 657 01f2 10000000 		.4byte	.LFE8-.LFB8
 658 01f6 01       		.uleb128 0x1
 659 01f7 9C       		.byte	0x9c
 660 01f8 15       		.uleb128 0x15
 661 01f9 44020000 		.4byte	.LASF46
 662 01fd 01       		.byte	0x1
 663 01fe 5601     		.2byte	0x156
 664 0200 9D000000 		.4byte	0x9d
 665 0204 00000000 		.4byte	.LFB9
 666 0208 18000000 		.4byte	.LFE9-.LFB9
 667 020c 01       		.uleb128 0x1
 668 020d 9C       		.byte	0x9c
 669 020e 14       		.uleb128 0x14
 670 020f 9D010000 		.4byte	.LASF32
 671 0213 01       		.byte	0x1
 672 0214 6B01     		.2byte	0x16b
 673 0216 00000000 		.4byte	.LFB10
 674 021a 10000000 		.4byte	.LFE10-.LFB10
 675 021e 01       		.uleb128 0x1
 676 021f 9C       		.byte	0x9c
 677 0220 09       		.uleb128 0x9
 678 0221 14000000 		.4byte	.LASF33
 679 0225 01       		.byte	0x1
 680 0226 46       		.byte	0x46
 681 0227 00000000 		.4byte	.LFB0
 682 022b 1C000000 		.4byte	.LFE0-.LFB0
 683 022f 01       		.uleb128 0x1
 684 0230 9C       		.byte	0x9c
 685 0231 72020000 		.4byte	0x272
 686 0235 0A       		.uleb128 0xa
 687 0236 06000000 		.4byte	.LVL9
 688 023a 0E020000 		.4byte	0x20e
 689 023e 16       		.uleb128 0x16
 690 023f 0C000000 		.4byte	.LVL10
 691 0243 37010000 		.4byte	0x137
 692 0247 55020000 		.4byte	0x255
 693 024b 0C       		.uleb128 0xc
 694 024c 01       		.uleb128 0x1
 695 024d 50       		.byte	0x50
 696 024e 05       		.uleb128 0x5
 697 024f 03       		.byte	0x3
 698 0250 00000000 		.4byte	isr_HA_Interrupt
 699 0254 00       		.byte	0
 700 0255 16       		.uleb128 0x16
 701 0256 12000000 		.4byte	.LVL11
 702 025a 94010000 		.4byte	0x194
 703 025e 68020000 		.4byte	0x268
 704 0262 0C       		.uleb128 0xc
 705 0263 01       		.uleb128 0x1
 706 0264 50       		.byte	0x50
 707 0265 01       		.uleb128 0x1
 708 0266 37       		.byte	0x37
 709 0267 00       		.byte	0
 710 0268 0A       		.uleb128 0xa
ARM GAS  C:\Users\GONZAL~1\AppData\Local\Temp\ccW9qedo.s 			page 21


 711 0269 16000000 		.4byte	.LVL12
 712 026d E6010000 		.4byte	0x1e6
 713 0271 00       		.byte	0
 714 0272 09       		.uleb128 0x9
 715 0273 A3000000 		.4byte	.LASF34
 716 0277 01       		.byte	0x1
 717 0278 71       		.byte	0x71
 718 0279 00000000 		.4byte	.LFB1
 719 027d 1A000000 		.4byte	.LFE1-.LFB1
 720 0281 01       		.uleb128 0x1
 721 0282 9C       		.byte	0x9c
 722 0283 D0020000 		.4byte	0x2d0
 723 0287 17       		.uleb128 0x17
 724 0288 0D020000 		.4byte	.LASF27
 725 028c 01       		.byte	0x1
 726 028d 71       		.byte	0x71
 727 028e FD000000 		.4byte	0xfd
 728 0292 38000000 		.4byte	.LLST2
 729 0296 0A       		.uleb128 0xa
 730 0297 08000000 		.4byte	.LVL14
 731 029b 0E020000 		.4byte	0x20e
 732 029f 16       		.uleb128 0x16
 733 02a0 0E000000 		.4byte	.LVL15
 734 02a4 37010000 		.4byte	0x137
 735 02a8 B3020000 		.4byte	0x2b3
 736 02ac 0C       		.uleb128 0xc
 737 02ad 01       		.uleb128 0x1
 738 02ae 50       		.byte	0x50
 739 02af 02       		.uleb128 0x2
 740 02b0 74       		.byte	0x74
 741 02b1 00       		.sleb128 0
 742 02b2 00       		.byte	0
 743 02b3 16       		.uleb128 0x16
 744 02b4 14000000 		.4byte	.LVL16
 745 02b8 94010000 		.4byte	0x194
 746 02bc C6020000 		.4byte	0x2c6
 747 02c0 0C       		.uleb128 0xc
 748 02c1 01       		.uleb128 0x1
 749 02c2 50       		.byte	0x50
 750 02c3 01       		.uleb128 0x1
 751 02c4 37       		.byte	0x37
 752 02c5 00       		.byte	0
 753 02c6 0A       		.uleb128 0xa
 754 02c7 18000000 		.4byte	.LVL17
 755 02cb E6010000 		.4byte	0x1e6
 756 02cf 00       		.byte	0
 757 02d0 09       		.uleb128 0x9
 758 02d1 01020000 		.4byte	.LASF35
 759 02d5 01       		.byte	0x1
 760 02d6 8F       		.byte	0x8f
 761 02d7 00000000 		.4byte	.LFB2
 762 02db 14000000 		.4byte	.LFE2-.LFB2
 763 02df 01       		.uleb128 0x1
 764 02e0 9C       		.byte	0x9c
 765 02e1 F8020000 		.4byte	0x2f8
 766 02e5 0A       		.uleb128 0xa
 767 02e6 06000000 		.4byte	.LVL18
ARM GAS  C:\Users\GONZAL~1\AppData\Local\Temp\ccW9qedo.s 			page 22


 768 02ea 0E020000 		.4byte	0x20e
 769 02ee 0A       		.uleb128 0xa
 770 02ef 0C000000 		.4byte	.LVL19
 771 02f3 37010000 		.4byte	0x137
 772 02f7 00       		.byte	0
 773 02f8 14       		.uleb128 0x14
 774 02f9 8B010000 		.4byte	.LASF36
 775 02fd 01       		.byte	0x1
 776 02fe 8601     		.2byte	0x186
 777 0300 00000000 		.4byte	.LFB11
 778 0304 10000000 		.4byte	.LFE11-.LFB11
 779 0308 01       		.uleb128 0x1
 780 0309 9C       		.byte	0x9c
 781 030a 14       		.uleb128 0x14
 782 030b B8000000 		.4byte	.LASF37
 783 030f 01       		.byte	0x1
 784 0310 9F01     		.2byte	0x19f
 785 0312 00000000 		.4byte	.LFB12
 786 0316 10000000 		.4byte	.LFE12-.LFB12
 787 031a 01       		.uleb128 0x1
 788 031b 9C       		.byte	0x9c
 789 031c 18       		.uleb128 0x18
 790 031d F5010000 		.4byte	.LASF38
 791 0321 01       		.byte	0x1
 792 0322 21       		.byte	0x21
 793 0323 2D030000 		.4byte	0x32d
 794 0327 05       		.uleb128 0x5
 795 0328 03       		.byte	0x3
 796 0329 00000000 		.4byte	t_ha
 797 032d 08       		.uleb128 0x8
 798 032e 92000000 		.4byte	0x92
 799 0332 19       		.uleb128 0x19
 800 0333 636100   		.ascii	"ca\000"
 801 0336 01       		.byte	0x1
 802 0337 22       		.byte	0x22
 803 0338 2D030000 		.4byte	0x32d
 804 033c 05       		.uleb128 0x5
 805 033d 03       		.byte	0x3
 806 033e 00000000 		.4byte	ca
 807 0342 19       		.uleb128 0x19
 808 0343 6D6100   		.ascii	"ma\000"
 809 0346 01       		.byte	0x1
 810 0347 23       		.byte	0x23
 811 0348 2D030000 		.4byte	0x32d
 812 034c 05       		.uleb128 0x5
 813 034d 03       		.byte	0x3
 814 034e 00000000 		.4byte	ma
 815 0352 18       		.uleb128 0x18
 816 0353 CF010000 		.4byte	.LASF39
 817 0357 01       		.byte	0x1
 818 0358 24       		.byte	0x24
 819 0359 63030000 		.4byte	0x363
 820 035d 05       		.uleb128 0x5
 821 035e 03       		.byte	0x3
 822 035f 00000000 		.4byte	rotor_direction
 823 0363 08       		.uleb128 0x8
 824 0364 B5000000 		.4byte	0xb5
ARM GAS  C:\Users\GONZAL~1\AppData\Local\Temp\ccW9qedo.s 			page 23


 825 0368 18       		.uleb128 0x18
 826 0369 39020000 		.4byte	.LASF40
 827 036d 01       		.byte	0x1
 828 036e 26       		.byte	0x26
 829 036f C1000000 		.4byte	0xc1
 830 0373 05       		.uleb128 0x5
 831 0374 03       		.byte	0x3
 832 0375 00000000 		.4byte	last_count
 833 0379 19       		.uleb128 0x19
 834 037a 61757800 		.ascii	"aux\000"
 835 037e 01       		.byte	0x1
 836 037f 26       		.byte	0x26
 837 0380 C1000000 		.4byte	0xc1
 838 0384 05       		.uleb128 0x5
 839 0385 03       		.byte	0x3
 840 0386 00000000 		.4byte	aux
 841 038a 1A       		.uleb128 0x1a
 842 038b 80000000 		.4byte	.LASF41
 843 038f 80000000 		.4byte	.LASF41
 844 0393 05       		.byte	0x5
 845 0394 69       		.byte	0x69
 846 0395 1A       		.uleb128 0x1a
 847 0396 0F030000 		.4byte	.LASF42
 848 039a 0F030000 		.4byte	.LASF42
 849 039e 05       		.byte	0x5
 850 039f 6A       		.byte	0x6a
 851 03a0 00       		.byte	0
 852              		.section	.debug_abbrev,"",%progbits
 853              	.Ldebug_abbrev0:
 854 0000 01       		.uleb128 0x1
 855 0001 11       		.uleb128 0x11
 856 0002 01       		.byte	0x1
 857 0003 25       		.uleb128 0x25
 858 0004 0E       		.uleb128 0xe
 859 0005 13       		.uleb128 0x13
 860 0006 0B       		.uleb128 0xb
 861 0007 03       		.uleb128 0x3
 862 0008 0E       		.uleb128 0xe
 863 0009 1B       		.uleb128 0x1b
 864 000a 0E       		.uleb128 0xe
 865 000b 55       		.uleb128 0x55
 866 000c 17       		.uleb128 0x17
 867 000d 11       		.uleb128 0x11
 868 000e 01       		.uleb128 0x1
 869 000f 10       		.uleb128 0x10
 870 0010 17       		.uleb128 0x17
 871 0011 00       		.byte	0
 872 0012 00       		.byte	0
 873 0013 02       		.uleb128 0x2
 874 0014 24       		.uleb128 0x24
 875 0015 00       		.byte	0
 876 0016 0B       		.uleb128 0xb
 877 0017 0B       		.uleb128 0xb
 878 0018 3E       		.uleb128 0x3e
 879 0019 0B       		.uleb128 0xb
 880 001a 03       		.uleb128 0x3
 881 001b 08       		.uleb128 0x8
ARM GAS  C:\Users\GONZAL~1\AppData\Local\Temp\ccW9qedo.s 			page 24


 882 001c 00       		.byte	0
 883 001d 00       		.byte	0
 884 001e 03       		.uleb128 0x3
 885 001f 24       		.uleb128 0x24
 886 0020 00       		.byte	0
 887 0021 0B       		.uleb128 0xb
 888 0022 0B       		.uleb128 0xb
 889 0023 3E       		.uleb128 0x3e
 890 0024 0B       		.uleb128 0xb
 891 0025 03       		.uleb128 0x3
 892 0026 0E       		.uleb128 0xe
 893 0027 00       		.byte	0
 894 0028 00       		.byte	0
 895 0029 04       		.uleb128 0x4
 896 002a 16       		.uleb128 0x16
 897 002b 00       		.byte	0
 898 002c 03       		.uleb128 0x3
 899 002d 0E       		.uleb128 0xe
 900 002e 3A       		.uleb128 0x3a
 901 002f 0B       		.uleb128 0xb
 902 0030 3B       		.uleb128 0x3b
 903 0031 0B       		.uleb128 0xb
 904 0032 49       		.uleb128 0x49
 905 0033 13       		.uleb128 0x13
 906 0034 00       		.byte	0
 907 0035 00       		.byte	0
 908 0036 05       		.uleb128 0x5
 909 0037 0F       		.uleb128 0xf
 910 0038 00       		.byte	0
 911 0039 0B       		.uleb128 0xb
 912 003a 0B       		.uleb128 0xb
 913 003b 49       		.uleb128 0x49
 914 003c 13       		.uleb128 0x13
 915 003d 00       		.byte	0
 916 003e 00       		.byte	0
 917 003f 06       		.uleb128 0x6
 918 0040 15       		.uleb128 0x15
 919 0041 00       		.byte	0
 920 0042 27       		.uleb128 0x27
 921 0043 19       		.uleb128 0x19
 922 0044 00       		.byte	0
 923 0045 00       		.byte	0
 924 0046 07       		.uleb128 0x7
 925 0047 16       		.uleb128 0x16
 926 0048 00       		.byte	0
 927 0049 03       		.uleb128 0x3
 928 004a 0E       		.uleb128 0xe
 929 004b 3A       		.uleb128 0x3a
 930 004c 0B       		.uleb128 0xb
 931 004d 3B       		.uleb128 0x3b
 932 004e 05       		.uleb128 0x5
 933 004f 49       		.uleb128 0x49
 934 0050 13       		.uleb128 0x13
 935 0051 00       		.byte	0
 936 0052 00       		.byte	0
 937 0053 08       		.uleb128 0x8
 938 0054 35       		.uleb128 0x35
ARM GAS  C:\Users\GONZAL~1\AppData\Local\Temp\ccW9qedo.s 			page 25


 939 0055 00       		.byte	0
 940 0056 49       		.uleb128 0x49
 941 0057 13       		.uleb128 0x13
 942 0058 00       		.byte	0
 943 0059 00       		.byte	0
 944 005a 09       		.uleb128 0x9
 945 005b 2E       		.uleb128 0x2e
 946 005c 01       		.byte	0x1
 947 005d 3F       		.uleb128 0x3f
 948 005e 19       		.uleb128 0x19
 949 005f 03       		.uleb128 0x3
 950 0060 0E       		.uleb128 0xe
 951 0061 3A       		.uleb128 0x3a
 952 0062 0B       		.uleb128 0xb
 953 0063 3B       		.uleb128 0x3b
 954 0064 0B       		.uleb128 0xb
 955 0065 27       		.uleb128 0x27
 956 0066 19       		.uleb128 0x19
 957 0067 11       		.uleb128 0x11
 958 0068 01       		.uleb128 0x1
 959 0069 12       		.uleb128 0x12
 960 006a 06       		.uleb128 0x6
 961 006b 40       		.uleb128 0x40
 962 006c 18       		.uleb128 0x18
 963 006d 9742     		.uleb128 0x2117
 964 006f 19       		.uleb128 0x19
 965 0070 01       		.uleb128 0x1
 966 0071 13       		.uleb128 0x13
 967 0072 00       		.byte	0
 968 0073 00       		.byte	0
 969 0074 0A       		.uleb128 0xa
 970 0075 898201   		.uleb128 0x4109
 971 0078 00       		.byte	0
 972 0079 11       		.uleb128 0x11
 973 007a 01       		.uleb128 0x1
 974 007b 31       		.uleb128 0x31
 975 007c 13       		.uleb128 0x13
 976 007d 00       		.byte	0
 977 007e 00       		.byte	0
 978 007f 0B       		.uleb128 0xb
 979 0080 898201   		.uleb128 0x4109
 980 0083 01       		.byte	0x1
 981 0084 11       		.uleb128 0x11
 982 0085 01       		.uleb128 0x1
 983 0086 31       		.uleb128 0x31
 984 0087 13       		.uleb128 0x13
 985 0088 00       		.byte	0
 986 0089 00       		.byte	0
 987 008a 0C       		.uleb128 0xc
 988 008b 8A8201   		.uleb128 0x410a
 989 008e 00       		.byte	0
 990 008f 02       		.uleb128 0x2
 991 0090 18       		.uleb128 0x18
 992 0091 9142     		.uleb128 0x2111
 993 0093 18       		.uleb128 0x18
 994 0094 00       		.byte	0
 995 0095 00       		.byte	0
ARM GAS  C:\Users\GONZAL~1\AppData\Local\Temp\ccW9qedo.s 			page 26


 996 0096 0D       		.uleb128 0xd
 997 0097 05       		.uleb128 0x5
 998 0098 00       		.byte	0
 999 0099 03       		.uleb128 0x3
 1000 009a 0E       		.uleb128 0xe
 1001 009b 3A       		.uleb128 0x3a
 1002 009c 0B       		.uleb128 0xb
 1003 009d 3B       		.uleb128 0x3b
 1004 009e 0B       		.uleb128 0xb
 1005 009f 49       		.uleb128 0x49
 1006 00a0 13       		.uleb128 0x13
 1007 00a1 02       		.uleb128 0x2
 1008 00a2 18       		.uleb128 0x18
 1009 00a3 00       		.byte	0
 1010 00a4 00       		.byte	0
 1011 00a5 0E       		.uleb128 0xe
 1012 00a6 34       		.uleb128 0x34
 1013 00a7 00       		.byte	0
 1014 00a8 03       		.uleb128 0x3
 1015 00a9 0E       		.uleb128 0xe
 1016 00aa 3A       		.uleb128 0x3a
 1017 00ab 0B       		.uleb128 0xb
 1018 00ac 3B       		.uleb128 0x3b
 1019 00ad 0B       		.uleb128 0xb
 1020 00ae 49       		.uleb128 0x49
 1021 00af 13       		.uleb128 0x13
 1022 00b0 02       		.uleb128 0x2
 1023 00b1 18       		.uleb128 0x18
 1024 00b2 00       		.byte	0
 1025 00b3 00       		.byte	0
 1026 00b4 0F       		.uleb128 0xf
 1027 00b5 2E       		.uleb128 0x2e
 1028 00b6 01       		.byte	0x1
 1029 00b7 3F       		.uleb128 0x3f
 1030 00b8 19       		.uleb128 0x19
 1031 00b9 03       		.uleb128 0x3
 1032 00ba 0E       		.uleb128 0xe
 1033 00bb 3A       		.uleb128 0x3a
 1034 00bc 0B       		.uleb128 0xb
 1035 00bd 3B       		.uleb128 0x3b
 1036 00be 0B       		.uleb128 0xb
 1037 00bf 27       		.uleb128 0x27
 1038 00c0 19       		.uleb128 0x19
 1039 00c1 49       		.uleb128 0x49
 1040 00c2 13       		.uleb128 0x13
 1041 00c3 11       		.uleb128 0x11
 1042 00c4 01       		.uleb128 0x1
 1043 00c5 12       		.uleb128 0x12
 1044 00c6 06       		.uleb128 0x6
 1045 00c7 40       		.uleb128 0x40
 1046 00c8 18       		.uleb128 0x18
 1047 00c9 9742     		.uleb128 0x2117
 1048 00cb 19       		.uleb128 0x19
 1049 00cc 01       		.uleb128 0x1
 1050 00cd 13       		.uleb128 0x13
 1051 00ce 00       		.byte	0
 1052 00cf 00       		.byte	0
ARM GAS  C:\Users\GONZAL~1\AppData\Local\Temp\ccW9qedo.s 			page 27


 1053 00d0 10       		.uleb128 0x10
 1054 00d1 2E       		.uleb128 0x2e
 1055 00d2 01       		.byte	0x1
 1056 00d3 3F       		.uleb128 0x3f
 1057 00d4 19       		.uleb128 0x19
 1058 00d5 03       		.uleb128 0x3
 1059 00d6 0E       		.uleb128 0xe
 1060 00d7 3A       		.uleb128 0x3a
 1061 00d8 0B       		.uleb128 0xb
 1062 00d9 3B       		.uleb128 0x3b
 1063 00da 05       		.uleb128 0x5
 1064 00db 27       		.uleb128 0x27
 1065 00dc 19       		.uleb128 0x19
 1066 00dd 11       		.uleb128 0x11
 1067 00de 01       		.uleb128 0x1
 1068 00df 12       		.uleb128 0x12
 1069 00e0 06       		.uleb128 0x6
 1070 00e1 40       		.uleb128 0x40
 1071 00e2 18       		.uleb128 0x18
 1072 00e3 9742     		.uleb128 0x2117
 1073 00e5 19       		.uleb128 0x19
 1074 00e6 01       		.uleb128 0x1
 1075 00e7 13       		.uleb128 0x13
 1076 00e8 00       		.byte	0
 1077 00e9 00       		.byte	0
 1078 00ea 11       		.uleb128 0x11
 1079 00eb 05       		.uleb128 0x5
 1080 00ec 00       		.byte	0
 1081 00ed 03       		.uleb128 0x3
 1082 00ee 0E       		.uleb128 0xe
 1083 00ef 3A       		.uleb128 0x3a
 1084 00f0 0B       		.uleb128 0xb
 1085 00f1 3B       		.uleb128 0x3b
 1086 00f2 05       		.uleb128 0x5
 1087 00f3 49       		.uleb128 0x49
 1088 00f4 13       		.uleb128 0x13
 1089 00f5 02       		.uleb128 0x2
 1090 00f6 17       		.uleb128 0x17
 1091 00f7 00       		.byte	0
 1092 00f8 00       		.byte	0
 1093 00f9 12       		.uleb128 0x12
 1094 00fa 2E       		.uleb128 0x2e
 1095 00fb 01       		.byte	0x1
 1096 00fc 3F       		.uleb128 0x3f
 1097 00fd 19       		.uleb128 0x19
 1098 00fe 03       		.uleb128 0x3
 1099 00ff 0E       		.uleb128 0xe
 1100 0100 3A       		.uleb128 0x3a
 1101 0101 0B       		.uleb128 0xb
 1102 0102 3B       		.uleb128 0x3b
 1103 0103 05       		.uleb128 0x5
 1104 0104 27       		.uleb128 0x27
 1105 0105 19       		.uleb128 0x19
 1106 0106 49       		.uleb128 0x49
 1107 0107 13       		.uleb128 0x13
 1108 0108 11       		.uleb128 0x11
 1109 0109 01       		.uleb128 0x1
ARM GAS  C:\Users\GONZAL~1\AppData\Local\Temp\ccW9qedo.s 			page 28


 1110 010a 12       		.uleb128 0x12
 1111 010b 06       		.uleb128 0x6
 1112 010c 40       		.uleb128 0x40
 1113 010d 18       		.uleb128 0x18
 1114 010e 9742     		.uleb128 0x2117
 1115 0110 19       		.uleb128 0x19
 1116 0111 01       		.uleb128 0x1
 1117 0112 13       		.uleb128 0x13
 1118 0113 00       		.byte	0
 1119 0114 00       		.byte	0
 1120 0115 13       		.uleb128 0x13
 1121 0116 34       		.uleb128 0x34
 1122 0117 00       		.byte	0
 1123 0118 03       		.uleb128 0x3
 1124 0119 0E       		.uleb128 0xe
 1125 011a 3A       		.uleb128 0x3a
 1126 011b 0B       		.uleb128 0xb
 1127 011c 3B       		.uleb128 0x3b
 1128 011d 05       		.uleb128 0x5
 1129 011e 49       		.uleb128 0x49
 1130 011f 13       		.uleb128 0x13
 1131 0120 02       		.uleb128 0x2
 1132 0121 17       		.uleb128 0x17
 1133 0122 00       		.byte	0
 1134 0123 00       		.byte	0
 1135 0124 14       		.uleb128 0x14
 1136 0125 2E       		.uleb128 0x2e
 1137 0126 00       		.byte	0
 1138 0127 3F       		.uleb128 0x3f
 1139 0128 19       		.uleb128 0x19
 1140 0129 03       		.uleb128 0x3
 1141 012a 0E       		.uleb128 0xe
 1142 012b 3A       		.uleb128 0x3a
 1143 012c 0B       		.uleb128 0xb
 1144 012d 3B       		.uleb128 0x3b
 1145 012e 05       		.uleb128 0x5
 1146 012f 27       		.uleb128 0x27
 1147 0130 19       		.uleb128 0x19
 1148 0131 11       		.uleb128 0x11
 1149 0132 01       		.uleb128 0x1
 1150 0133 12       		.uleb128 0x12
 1151 0134 06       		.uleb128 0x6
 1152 0135 40       		.uleb128 0x40
 1153 0136 18       		.uleb128 0x18
 1154 0137 9742     		.uleb128 0x2117
 1155 0139 19       		.uleb128 0x19
 1156 013a 00       		.byte	0
 1157 013b 00       		.byte	0
 1158 013c 15       		.uleb128 0x15
 1159 013d 2E       		.uleb128 0x2e
 1160 013e 00       		.byte	0
 1161 013f 3F       		.uleb128 0x3f
 1162 0140 19       		.uleb128 0x19
 1163 0141 03       		.uleb128 0x3
 1164 0142 0E       		.uleb128 0xe
 1165 0143 3A       		.uleb128 0x3a
 1166 0144 0B       		.uleb128 0xb
ARM GAS  C:\Users\GONZAL~1\AppData\Local\Temp\ccW9qedo.s 			page 29


 1167 0145 3B       		.uleb128 0x3b
 1168 0146 05       		.uleb128 0x5
 1169 0147 27       		.uleb128 0x27
 1170 0148 19       		.uleb128 0x19
 1171 0149 49       		.uleb128 0x49
 1172 014a 13       		.uleb128 0x13
 1173 014b 11       		.uleb128 0x11
 1174 014c 01       		.uleb128 0x1
 1175 014d 12       		.uleb128 0x12
 1176 014e 06       		.uleb128 0x6
 1177 014f 40       		.uleb128 0x40
 1178 0150 18       		.uleb128 0x18
 1179 0151 9742     		.uleb128 0x2117
 1180 0153 19       		.uleb128 0x19
 1181 0154 00       		.byte	0
 1182 0155 00       		.byte	0
 1183 0156 16       		.uleb128 0x16
 1184 0157 898201   		.uleb128 0x4109
 1185 015a 01       		.byte	0x1
 1186 015b 11       		.uleb128 0x11
 1187 015c 01       		.uleb128 0x1
 1188 015d 31       		.uleb128 0x31
 1189 015e 13       		.uleb128 0x13
 1190 015f 01       		.uleb128 0x1
 1191 0160 13       		.uleb128 0x13
 1192 0161 00       		.byte	0
 1193 0162 00       		.byte	0
 1194 0163 17       		.uleb128 0x17
 1195 0164 05       		.uleb128 0x5
 1196 0165 00       		.byte	0
 1197 0166 03       		.uleb128 0x3
 1198 0167 0E       		.uleb128 0xe
 1199 0168 3A       		.uleb128 0x3a
 1200 0169 0B       		.uleb128 0xb
 1201 016a 3B       		.uleb128 0x3b
 1202 016b 0B       		.uleb128 0xb
 1203 016c 49       		.uleb128 0x49
 1204 016d 13       		.uleb128 0x13
 1205 016e 02       		.uleb128 0x2
 1206 016f 17       		.uleb128 0x17
 1207 0170 00       		.byte	0
 1208 0171 00       		.byte	0
 1209 0172 18       		.uleb128 0x18
 1210 0173 34       		.uleb128 0x34
 1211 0174 00       		.byte	0
 1212 0175 03       		.uleb128 0x3
 1213 0176 0E       		.uleb128 0xe
 1214 0177 3A       		.uleb128 0x3a
 1215 0178 0B       		.uleb128 0xb
 1216 0179 3B       		.uleb128 0x3b
 1217 017a 0B       		.uleb128 0xb
 1218 017b 49       		.uleb128 0x49
 1219 017c 13       		.uleb128 0x13
 1220 017d 3F       		.uleb128 0x3f
 1221 017e 19       		.uleb128 0x19
 1222 017f 02       		.uleb128 0x2
 1223 0180 18       		.uleb128 0x18
ARM GAS  C:\Users\GONZAL~1\AppData\Local\Temp\ccW9qedo.s 			page 30


 1224 0181 00       		.byte	0
 1225 0182 00       		.byte	0
 1226 0183 19       		.uleb128 0x19
 1227 0184 34       		.uleb128 0x34
 1228 0185 00       		.byte	0
 1229 0186 03       		.uleb128 0x3
 1230 0187 08       		.uleb128 0x8
 1231 0188 3A       		.uleb128 0x3a
 1232 0189 0B       		.uleb128 0xb
 1233 018a 3B       		.uleb128 0x3b
 1234 018b 0B       		.uleb128 0xb
 1235 018c 49       		.uleb128 0x49
 1236 018d 13       		.uleb128 0x13
 1237 018e 3F       		.uleb128 0x3f
 1238 018f 19       		.uleb128 0x19
 1239 0190 02       		.uleb128 0x2
 1240 0191 18       		.uleb128 0x18
 1241 0192 00       		.byte	0
 1242 0193 00       		.byte	0
 1243 0194 1A       		.uleb128 0x1a
 1244 0195 2E       		.uleb128 0x2e
 1245 0196 00       		.byte	0
 1246 0197 3F       		.uleb128 0x3f
 1247 0198 19       		.uleb128 0x19
 1248 0199 3C       		.uleb128 0x3c
 1249 019a 19       		.uleb128 0x19
 1250 019b 6E       		.uleb128 0x6e
 1251 019c 0E       		.uleb128 0xe
 1252 019d 03       		.uleb128 0x3
 1253 019e 0E       		.uleb128 0xe
 1254 019f 3A       		.uleb128 0x3a
 1255 01a0 0B       		.uleb128 0xb
 1256 01a1 3B       		.uleb128 0x3b
 1257 01a2 0B       		.uleb128 0xb
 1258 01a3 00       		.byte	0
 1259 01a4 00       		.byte	0
 1260 01a5 00       		.byte	0
 1261              		.section	.debug_loc,"",%progbits
 1262              	.Ldebug_loc0:
 1263              	.LLST0:
 1264 0000 00000000 		.4byte	.LVL5
 1265 0004 02000000 		.4byte	.LVL6
 1266 0008 0100     		.2byte	0x1
 1267 000a 50       		.byte	0x50
 1268 000b 02000000 		.4byte	.LVL6
 1269 000f 10000000 		.4byte	.LFE6
 1270 0013 0400     		.2byte	0x4
 1271 0015 F3       		.byte	0xf3
 1272 0016 01       		.uleb128 0x1
 1273 0017 50       		.byte	0x50
 1274 0018 9F       		.byte	0x9f
 1275 0019 00000000 		.4byte	0
 1276 001d 00000000 		.4byte	0
 1277              	.LLST1:
 1278 0021 04000000 		.4byte	.LVL7
 1279 0025 06000000 		.4byte	.LVL8
 1280 0029 0500     		.2byte	0x5
ARM GAS  C:\Users\GONZAL~1\AppData\Local\Temp\ccW9qedo.s 			page 31


 1281 002b 70       		.byte	0x70
 1282 002c 00       		.sleb128 0
 1283 002d 35       		.byte	0x35
 1284 002e 25       		.byte	0x25
 1285 002f 9F       		.byte	0x9f
 1286 0030 00000000 		.4byte	0
 1287 0034 00000000 		.4byte	0
 1288              	.LLST2:
 1289 0038 00000000 		.4byte	.LVL13
 1290 003c 07000000 		.4byte	.LVL14-1
 1291 0040 0100     		.2byte	0x1
 1292 0042 50       		.byte	0x50
 1293 0043 07000000 		.4byte	.LVL14-1
 1294 0047 1A000000 		.4byte	.LFE1
 1295 004b 0100     		.2byte	0x1
 1296 004d 54       		.byte	0x54
 1297 004e 00000000 		.4byte	0
 1298 0052 00000000 		.4byte	0
 1299              		.section	.debug_aranges,"",%progbits
 1300 0000 7C000000 		.4byte	0x7c
 1301 0004 0200     		.2byte	0x2
 1302 0006 00000000 		.4byte	.Ldebug_info0
 1303 000a 04       		.byte	0x4
 1304 000b 00       		.byte	0
 1305 000c 0000     		.2byte	0
 1306 000e 0000     		.2byte	0
 1307 0010 00000000 		.4byte	.LFB3
 1308 0014 30000000 		.4byte	.LFE3-.LFB3
 1309 0018 00000000 		.4byte	.LFB4
 1310 001c 0C000000 		.4byte	.LFE4-.LFB4
 1311 0020 00000000 		.4byte	.LFB5
 1312 0024 0C000000 		.4byte	.LFE5-.LFB5
 1313 0028 00000000 		.4byte	.LFB6
 1314 002c 10000000 		.4byte	.LFE6-.LFB6
 1315 0030 00000000 		.4byte	.LFB7
 1316 0034 0C000000 		.4byte	.LFE7-.LFB7
 1317 0038 00000000 		.4byte	.LFB8
 1318 003c 10000000 		.4byte	.LFE8-.LFB8
 1319 0040 00000000 		.4byte	.LFB9
 1320 0044 18000000 		.4byte	.LFE9-.LFB9
 1321 0048 00000000 		.4byte	.LFB10
 1322 004c 10000000 		.4byte	.LFE10-.LFB10
 1323 0050 00000000 		.4byte	.LFB0
 1324 0054 1C000000 		.4byte	.LFE0-.LFB0
 1325 0058 00000000 		.4byte	.LFB1
 1326 005c 1A000000 		.4byte	.LFE1-.LFB1
 1327 0060 00000000 		.4byte	.LFB2
 1328 0064 14000000 		.4byte	.LFE2-.LFB2
 1329 0068 00000000 		.4byte	.LFB11
 1330 006c 10000000 		.4byte	.LFE11-.LFB11
 1331 0070 00000000 		.4byte	.LFB12
 1332 0074 10000000 		.4byte	.LFE12-.LFB12
 1333 0078 00000000 		.4byte	0
 1334 007c 00000000 		.4byte	0
 1335              		.section	.debug_ranges,"",%progbits
 1336              	.Ldebug_ranges0:
 1337 0000 00000000 		.4byte	.LFB3
ARM GAS  C:\Users\GONZAL~1\AppData\Local\Temp\ccW9qedo.s 			page 32


 1338 0004 30000000 		.4byte	.LFE3
 1339 0008 00000000 		.4byte	.LFB4
 1340 000c 0C000000 		.4byte	.LFE4
 1341 0010 00000000 		.4byte	.LFB5
 1342 0014 0C000000 		.4byte	.LFE5
 1343 0018 00000000 		.4byte	.LFB6
 1344 001c 10000000 		.4byte	.LFE6
 1345 0020 00000000 		.4byte	.LFB7
 1346 0024 0C000000 		.4byte	.LFE7
 1347 0028 00000000 		.4byte	.LFB8
 1348 002c 10000000 		.4byte	.LFE8
 1349 0030 00000000 		.4byte	.LFB9
 1350 0034 18000000 		.4byte	.LFE9
 1351 0038 00000000 		.4byte	.LFB10
 1352 003c 10000000 		.4byte	.LFE10
 1353 0040 00000000 		.4byte	.LFB0
 1354 0044 1C000000 		.4byte	.LFE0
 1355 0048 00000000 		.4byte	.LFB1
 1356 004c 1A000000 		.4byte	.LFE1
 1357 0050 00000000 		.4byte	.LFB2
 1358 0054 14000000 		.4byte	.LFE2
 1359 0058 00000000 		.4byte	.LFB11
 1360 005c 10000000 		.4byte	.LFE11
 1361 0060 00000000 		.4byte	.LFB12
 1362 0064 10000000 		.4byte	.LFE12
 1363 0068 00000000 		.4byte	0
 1364 006c 00000000 		.4byte	0
 1365              		.section	.debug_line,"",%progbits
 1366              	.Ldebug_line0:
 1367 0000 3F020000 		.section	.debug_str,"MS",%progbits,1
 1367      02004E01 
 1367      00000201 
 1367      FB0E0D00 
 1367      01010101 
 1368              	.LASF1:
 1369 0000 6C6F6E67 		.ascii	"long long int\000"
 1369      206C6F6E 
 1369      6720696E 
 1369      7400
 1370              	.LASF21:
 1371 000e 72656733 		.ascii	"reg32\000"
 1371      3200
 1372              	.LASF33:
 1373 0014 6973725F 		.ascii	"isr_HA_Start\000"
 1373      48415F53 
 1373      74617274 
 1373      00
 1374              	.LASF12:
 1375 0021 5F5F696E 		.ascii	"__int32_t\000"
 1375      7433325F 
 1375      7400
 1376              	.LASF24:
 1377 002b 6973725F 		.ascii	"isr_HA_SetVector\000"
 1377      48415F53 
 1377      65745665 
 1377      63746F72 
 1377      00
ARM GAS  C:\Users\GONZAL~1\AppData\Local\Temp\ccW9qedo.s 			page 33


 1378              	.LASF6:
 1379 003c 73686F72 		.ascii	"short unsigned int\000"
 1379      7420756E 
 1379      7369676E 
 1379      65642069 
 1379      6E7400
 1380              	.LASF30:
 1381 004f 6973725F 		.ascii	"isr_HA_GetPriority\000"
 1381      48415F47 
 1381      65745072 
 1381      696F7269 
 1381      747900
 1382              	.LASF0:
 1383 0062 756E7369 		.ascii	"unsigned int\000"
 1383      676E6564 
 1383      20696E74 
 1383      00
 1384              	.LASF23:
 1385 006f 6973725F 		.ascii	"isr_HA_Interrupt\000"
 1385      48415F49 
 1385      6E746572 
 1385      72757074 
 1385      00
 1386              	.LASF41:
 1387 0080 54696D65 		.ascii	"Timer_ha_ReadCounter\000"
 1387      725F6861 
 1387      5F526561 
 1387      64436F75 
 1387      6E746572 
 1388              	.LASF31:
 1389 0095 6973725F 		.ascii	"isr_HA_Enable\000"
 1389      48415F45 
 1389      6E61626C 
 1389      6500
 1390              	.LASF34:
 1391 00a3 6973725F 		.ascii	"isr_HA_StartEx\000"
 1391      48415F53 
 1391      74617274 
 1391      457800
 1392              	.LASF18:
 1393 00b2 666C6F61 		.ascii	"float\000"
 1393      7400
 1394              	.LASF37:
 1395 00b8 6973725F 		.ascii	"isr_HA_ClearPending\000"
 1395      48415F43 
 1395      6C656172 
 1395      50656E64 
 1395      696E6700 
 1396              	.LASF4:
 1397 00cc 756E7369 		.ascii	"unsigned char\000"
 1397      676E6564 
 1397      20636861 
 1397      7200
 1398              	.LASF43:
 1399 00da 474E5520 		.ascii	"GNU C11 5.4.1 20160609 (release) [ARM/embedded-5-br"
 1399      43313120 
 1399      352E342E 
ARM GAS  C:\Users\GONZAL~1\AppData\Local\Temp\ccW9qedo.s 			page 34


 1399      31203230 
 1399      31363036 
 1400 010d 616E6368 		.ascii	"anch revision 237715] -mcpu=cortex-m3 -mthumb -g -O"
 1400      20726576 
 1400      6973696F 
 1400      6E203233 
 1400      37373135 
 1401 0140 67202D66 		.ascii	"g -ffunction-sections -ffat-lto-objects\000"
 1401      66756E63 
 1401      74696F6E 
 1401      2D736563 
 1401      74696F6E 
 1402              	.LASF20:
 1403 0168 72656738 		.ascii	"reg8\000"
 1403      00
 1404              	.LASF17:
 1405 016d 696E7431 		.ascii	"int16\000"
 1405      3600
 1406              	.LASF8:
 1407 0173 6C6F6E67 		.ascii	"long unsigned int\000"
 1407      20756E73 
 1407      69676E65 
 1407      6420696E 
 1407      7400
 1408              	.LASF14:
 1409 0185 75696E74 		.ascii	"uint8\000"
 1409      3800
 1410              	.LASF36:
 1411 018b 6973725F 		.ascii	"isr_HA_SetPending\000"
 1411      48415F53 
 1411      65745065 
 1411      6E64696E 
 1411      6700
 1412              	.LASF32:
 1413 019d 6973725F 		.ascii	"isr_HA_Disable\000"
 1413      48415F44 
 1413      69736162 
 1413      6C6500
 1414              	.LASF28:
 1415 01ac 7072696F 		.ascii	"priority\000"
 1415      72697479 
 1415      00
 1416              	.LASF26:
 1417 01b5 6973725F 		.ascii	"isr_HA_SetPriority\000"
 1417      48415F53 
 1417      65745072 
 1417      696F7269 
 1417      747900
 1418              	.LASF19:
 1419 01c8 646F7562 		.ascii	"double\000"
 1419      6C6500
 1420              	.LASF39:
 1421 01cf 726F746F 		.ascii	"rotor_direction\000"
 1421      725F6469 
 1421      72656374 
 1421      696F6E00 
 1422              	.LASF29:
ARM GAS  C:\Users\GONZAL~1\AppData\Local\Temp\ccW9qedo.s 			page 35


 1423 01df 6973725F 		.ascii	"isr_HA_GetVector\000"
 1423      48415F47 
 1423      65745665 
 1423      63746F72 
 1423      00
 1424              	.LASF16:
 1425 01f0 696E7438 		.ascii	"int8\000"
 1425      00
 1426              	.LASF38:
 1427 01f5 745F6861 		.ascii	"t_ha\000"
 1427      00
 1428              	.LASF15:
 1429 01fa 75696E74 		.ascii	"uint32\000"
 1429      333200
 1430              	.LASF35:
 1431 0201 6973725F 		.ascii	"isr_HA_Stop\000"
 1431      48415F53 
 1431      746F7000 
 1432              	.LASF27:
 1433 020d 61646472 		.ascii	"address\000"
 1433      65737300 
 1434              	.LASF9:
 1435 0215 6C6F6E67 		.ascii	"long long unsigned int\000"
 1435      206C6F6E 
 1435      6720756E 
 1435      7369676E 
 1435      65642069 
 1436              	.LASF22:
 1437 022c 63796973 		.ascii	"cyisraddress\000"
 1437      72616464 
 1437      72657373 
 1437      00
 1438              	.LASF40:
 1439 0239 6C617374 		.ascii	"last_count\000"
 1439      5F636F75 
 1439      6E7400
 1440              	.LASF46:
 1441 0244 6973725F 		.ascii	"isr_HA_GetState\000"
 1441      48415F47 
 1441      65745374 
 1441      61746500 
 1442              	.LASF13:
 1443 0254 696E7433 		.ascii	"int32_t\000"
 1443      325F7400 
 1444              	.LASF10:
 1445 025c 73697A65 		.ascii	"sizetype\000"
 1445      74797065 
 1445      00
 1446              	.LASF11:
 1447 0265 63686172 		.ascii	"char\000"
 1447      00
 1448              	.LASF25:
 1449 026a 72616D56 		.ascii	"ramVectorTable\000"
 1449      6563746F 
 1449      72546162 
 1449      6C6500
 1450              	.LASF5:
ARM GAS  C:\Users\GONZAL~1\AppData\Local\Temp\ccW9qedo.s 			page 36


 1451 0279 73686F72 		.ascii	"short int\000"
 1451      7420696E 
 1451      7400
 1452              	.LASF44:
 1453 0283 6973725F 		.ascii	"isr_HA.c\000"
 1453      48412E63 
 1453      00
 1454              	.LASF7:
 1455 028c 6C6F6E67 		.ascii	"long int\000"
 1455      20696E74 
 1455      00
 1456              	.LASF2:
 1457 0295 6C6F6E67 		.ascii	"long double\000"
 1457      20646F75 
 1457      626C6500 
 1458              	.LASF3:
 1459 02a1 7369676E 		.ascii	"signed char\000"
 1459      65642063 
 1459      68617200 
 1460              	.LASF45:
 1461 02ad 433A5C55 		.ascii	"C:\\Users\\Gonzalo Olave\\Dropbox (Personal)\\Magis"
 1461      73657273 
 1461      5C476F6E 
 1461      7A616C6F 
 1461      204F6C61 
 1462 02dc 7465725C 		.ascii	"ter\\Tesis\\tesis-source\\master-tesis\\dedo_v01.cy"
 1462      54657369 
 1462      735C7465 
 1462      7369732D 
 1462      736F7572 
 1463 030b 64736E00 		.ascii	"dsn\000"
 1464              	.LASF42:
 1465 030f 54696D65 		.ascii	"Timer_ha_WriteCounter\000"
 1465      725F6861 
 1465      5F577269 
 1465      7465436F 
 1465      756E7465 
 1466              		.ident	"GCC: (GNU Tools for ARM Embedded Processors) 5.4.1 20160609 (release) [ARM/embedded-5-bran
